// Vitest Snapshot v1, https://vitest.dev/guide/snapshot.html

exports[`Analytics Component > Snapshot Testing > should match snapshot for initial render 1`] = `
<DocumentFragment>
  <div
    class="flex flex-col justify-center m-6 overflow-hidden h-[calc(100vh-100px)]"
  >
    <div>
      <div
        class="text-[#0D0D0D] font-['IBM_Plex_Serif'] text-[24px] font-[500] flex items-center gap-2 mb-2"
      >
        Session Analytics
      </div>
    </div>
    <div
      class="h-[90vh] w-full flex flex-col items-center justify-center"
    />
  </div>
</DocumentFragment>
`;

exports[`Analytics Component > Snapshot Testing > should match snapshot with multiple dashboard types 1`] = `
<DocumentFragment>
  <div
    class="flex flex-col justify-center m-6 overflow-hidden h-[calc(100vh-100px)]"
  >
    <div>
      <div
        class="text-[#0D0D0D] font-['IBM_Plex_Serif'] text-[24px] font-[500] flex items-center gap-2 mb-2"
      >
        Session Analytics
      </div>
    </div>
    <div
      class="h-[90vh] w-full flex flex-col items-center justify-center"
    />
  </div>
</DocumentFragment>
`;

exports[`Analytics Component > Snapshot Testing > should match snapshot with no dashboards 1`] = `
<DocumentFragment>
  <div
    class="flex flex-col justify-center m-6 overflow-hidden h-[calc(100vh-100px)]"
  >
    <div>
      <div
        class="text-[#0D0D0D] font-['IBM_Plex_Serif'] text-[24px] font-[500] flex items-center gap-2 mb-2"
      >
        Session Analytics
      </div>
    </div>
    <div
      class="h-[90vh] w-full flex flex-col items-center justify-center"
    />
  </div>
</DocumentFragment>
`;

exports[`Analytics Component > Snapshot Testing > should match snapshot with single dashboard type 1`] = `
<DocumentFragment>
  <div
    class="flex flex-col justify-center m-6 overflow-hidden h-[calc(100vh-100px)]"
  >
    <div>
      <div
        class="text-[#0D0D0D] font-['IBM_Plex_Serif'] text-[24px] font-[500] flex items-center gap-2 mb-2"
      >
        Session Analytics
      </div>
    </div>
    <div
      class="h-[90vh] w-full flex flex-col items-center justify-center"
    />
  </div>
</DocumentFragment>
`;
