// Vitest Snapshot v1, https://vitest.dev/guide/snapshot.html

exports[`NavSideBar > should match snapshot when fully rendered 1`] = `
<DocumentFragment>
  <div
    class="bg-white h-screen flex flex-col justify-between border-r border-r-[#E5E7EB] transition-all duration-300 relative w-64 p-[12px] font-['IBM_Plex_Serif']"
  >
    <div
      class="flex justify-between"
    >
      <svg
        class="m-3 flex-shrink-0"
        data-testid="ally-logo"
      />
      <button
        class="px-5 mx-2 hover:bg-gray-50 hover:rounded-md my-2 p-3"
        title="Collapse sidebar"
      >
        <svg
          data-testid="dock-to-right-icon"
        />
      </button>
    </div>
    <div
      class="flex-1 flex-col gap-1 m-2 border-t border-t-[#E5E7EB] pt-3"
    >
      <div
        class="
          w-full h-12 rounded-md p-4 flex items-center gap-3 my-1 cursor-pointer
          bg-[#F3F3F3] rounded-[2px]
          transition-all duration-300 group
        "
      >
        <svg
          class="flex-shrink-0  "
          data-testid="calls-icon"
        />
        <div
          class="text-[#000] font-[500] font-['IBM_Plex_Serif'] text-[16px]"
        >
          Sessions
        </div>
      </div>
      <div
        class="
          w-full h-12 rounded-md p-4 flex items-center gap-3 my-1 cursor-pointer
          hover:bg-[#F5F5F5]
          transition-all duration-300 group
        "
      >
        <svg
          class="flex-shrink-0 opacity-60 "
          data-testid="analytics-icon"
        />
        <div
          class="text-[#6B7280] font-[400] font-['IBM_Plex_Serif'] text-[16px]"
        >
          Statistics
        </div>
      </div>
    </div>
    <div
      class="flex flex-col items-start gap-3 m-3"
    >
      <div
        data-size="SMALL"
        data-testid="mock-carousel"
        data-variant="DARK"
      >
        Carousel
      </div>
      <hr
        class="w-full border-t border-gray-200"
      />
      <div
        data-expanded="true"
        data-testid="mock-user-info"
      >
        <div
          data-testid="user-name"
        >
          Test User
        </div>
        <button
          data-testid="logout-button"
        >
          Logout
        </button>
      </div>
    </div>
  </div>
</DocumentFragment>
`;
