// Vitest Snapshot v1, https://vitest.dev/guide/snapshot.html

exports[`ConfirmationDialog > should match snapshot when fully populated 1`] = `
<DocumentFragment>
  <div
    aria-describedby="confirmation-dialog-description"
    aria-labelledby="confirmation-dialog-title"
    data-testid="mock-dialog"
    open=""
    paperprops="[object Object]"
  >
    <div
      animate="[object Object]"
      class="max-w-[500px] min-w-[200px] flex flex-col gap-4 items-center p-4 sm:p-6 md:p-10 relative mx-4"
      initial="[object Object]"
      transition="[object Object]"
    >
      <div
        animate="[object Object]"
        class="absolute top-3 right-3"
        initial="[object Object]"
        transition="[object Object]"
      >
        <svg
          class="cursor-pointer"
          data-testid="mock-close-icon"
        />
      </div>
      <div
        animate="[object Object]"
        class="text-[30px] font-secondary text-[#434343]"
        initial="[object Object]"
        transition="[object Object]"
      >
        <span>
          Are you 
        </span>
        <span
          class="italic font-bold"
        >
          Sure?
        </span>
      </div>
      <div
        animate="[object Object]"
        initial="[object Object]"
        transition="[object Object]"
      >
        <svg
          data-testid="mock-icon"
        >
          <circle
            cx="5"
            cy="5"
            r="5"
          />
        </svg>
      </div>
      <p
        animate="[object Object]"
        class="text-center font-primary text-sm sm:text-base"
        id="confirmation-dialog-description"
        initial="[object Object]"
        transition="[object Object]"
      >
        This is the confirmation message.
      </p>
      <div
        data-testid="extra-content"
      >
        Additional Content
      </div>
      <div
        animate="[object Object]"
        initial="[object Object]"
        transition="[object Object]"
      >
        <div
          class="w-full flex items-center justify-center gap-2"
        >
          <button
            class="h-10 flex items-center justify-center gap-2 py-2 px-4 whitespace-nowrap text-sm font-medium rounded-[100px] 
        transition-transform duration-150 ease-out hover:-translate-y-[1px] disabled:hover:translate-y-0
        disabled:cursor-default disabled:opacity-50 border border-secondary hover:bg-accent hover:text-accent-foreground disabled:bg-accent/50 text-typography-900 w-full undefined"
          >
            Cancel
          </button>
          <button
            class="h-10 flex items-center justify-center gap-2 py-2 px-4 whitespace-nowrap text-sm font-medium rounded-[100px] 
        transition-transform duration-150 ease-out hover:-translate-y-[1px] disabled:hover:translate-y-0
        disabled:cursor-default disabled:opacity-50 border border-secondary hover:bg-accent hover:text-accent-foreground disabled:bg-accent/50 text-typography-900 w-full undefined"
          >
            Confirm Action
          </button>
        </div>
      </div>
      <span
        animate="[object Object]"
        class="text-xs sm:text-xs text-typography-500 font-primary text-center"
        initial="[object Object]"
        transition="[object Object]"
      >
        Footer Note
      </span>
    </div>
  </div>
</DocumentFragment>
`;
