// Vitest Snapshot v1, https://vitest.dev/guide/snapshot.html

exports[`UserAnalytics Component > Snapshot Testing > should match snapshot 1`] = `
<DocumentFragment>
  <div
    class="flex justify-start items-start bg-white p-6 w-full h-full gap-6"
  >
    <div
      class="w-full flex ml-8 flex-2"
    >
      <div
        class="w-[70%]"
      >
        <div
          data-is-empty="false"
          data-listening-percentage="70"
          data-testid="listening-chart"
        >
          Listening Chart
        </div>
      </div>
      <div
        class="flex flex-col gap-2 items-center flex-1 relative"
      >
        <div
          class="flex gap-2 bg-[#F5F5F5] p-2 rounded-[4px]"
        >
          <button
            class="px-[16px] py-[4px] rounded-[4px] text-[12px] transition-colors text-[#000] bg-[#fff] font-medium"
          >
            D
          </button>
          <button
            class="px-[16px] py-[4px] rounded-[4px] text-[12px] transition-colors text-[#000] "
          >
            W
          </button>
          <button
            class="px-[16px] py-[4px] rounded-[4px] text-[12px] transition-colors text-[#000] "
          >
            M
          </button>
          <button
            class="px-[16px] py-[4px] rounded-[4px] text-[12px] transition-colors text-[#000] "
          >
            Y
          </button>
          <button
            class="px-[16px] py-[4px] rounded-[4px] text-[12px] transition-colors text-[#000] "
          >
            All
          </button>
        </div>
        <div
          class="flex items-center gap-2"
        >
          <button
            class="cursor-pointer w-4 h-4"
            data-testid="chevron-left"
          >
            ChevronLeft
          </button>
          <div
            class="w-[140px] text-[14px] text-center border border-[#E5E5E5] rounded-[4px] py-2 px-3 cursor-pointer"
          >
            Jan 01
          </div>
          <button
            class="cursor-pointer w-4 h-4"
            data-testid="chevron-right"
          >
            ChevronRight
          </button>
        </div>
      </div>
    </div>
  </div>
</DocumentFragment>
`;
