// Vitest Snapshot v1, https://vitest.dev/guide/snapshot.html

exports[`SimulationTimer > renders initial state (snapshot) 1`] = `
<div>
  <div
    class="flex items-center gap-2 font-['IBM_Plex_Serif'] text-[#fff]"
  >
    <span
      class="text-[14px]"
    >
      Session Duration:
    </span>
    0s
  </div>
</div>
`;
