// Vitest Snapshot v1, https://vitest.dev/guide/snapshot.html

exports[`Scenario Component > Snapshot Testing > should match snapshot with scenario loaded 1`] = `
<DocumentFragment>
  <div
    data-testid="browser-router"
  >
    <div
      data-testid="animate-presence"
    >
      <div
        class="h-screen w-full flex justify-center items-center bg-white"
      >
        <div
          class="flex flex-col gap-6 w-[60%] m-auto"
          data-animate="visible"
          data-exit="exit"
          data-initial="hidden"
          data-testid="motion-div"
          data-variants="{\\"hidden\\":{\\"opacity\\":0,\\"scale\\":0.95},\\"visible\\":{\\"opacity\\":1,\\"scale\\":1,\\"transition\\":{\\"duration\\":0.4,\\"ease\\":[0.4,0,0.2,1]}},\\"exit\\":{\\"opacity\\":0,\\"scale\\":0.95,\\"transition\\":{\\"duration\\":0.3}}}"
        >
          <div
            class="flex justify-between"
          >
            <div
              class="flex items-center gap-2 font-['Replay_Pro'] text-[28px]"
            >
              <button
                animate="[object Object]"
                aria-label="Close scenario details"
                class="hover:scale-105 transition-transform"
                data-testid="motion-button"
                exit="[object Object]"
                initial="[object Object]"
                transition="[object Object]"
              >
                <div
                  data-testid="back-circle"
                >
                  BackCircle
                </div>
              </button>
              <span>
                Start
              </span>
              <span
                class="font-bold italic"
              >
                 Simulation
              </span>
            </div>
            <div
              class="font-['IBM_Plex_Serif'] flex  items-center"
            >
              <div
                class="font-['IBM_Plex_Serif'] text-[14px] text-gray-500"
              >
                Credits used:
              </div>
              <svg
                class="lucide lucide-bolt mb-2"
                fill="none"
                height="24"
                stroke="currentColor"
                stroke-linecap="round"
                stroke-linejoin="round"
                stroke-width="2"
                viewBox="0 0 24 24"
                width="24"
                xmlns="http://www.w3.org/2000/svg"
              >
                <path
                  d="M21 16V8a2 2 0 0 0-1-1.73l-7-4a2 2 0 0 0-2 0l-7 4A2 2 0 0 0 3 8v8a2 2 0 0 0 1 1.73l7 4a2 2 0 0 0 2 0l7-4A2 2 0 0 0 21 16z"
                />
                <circle
                  cx="12"
                  cy="12"
                  r="4"
                />
              </svg>
              <span
                class="font-bold text-[18px] mb-1 text-black"
              >
                0
              </span>
              <span
                class="text-[14px] text-gray-500"
              >
                /100
              </span>
            </div>
          </div>
          <div
            data-testid="scenario-details-card"
          >
            <div
              data-testid="cover-image"
            >
              https://example.com/image.jpg
            </div>
            <div
              data-testid="scenario-title"
            >
              Test Scenario
            </div>
            <div
              data-testid="scenario-description"
            >
              This is a test scenario description
            </div>
            <div
              data-testid="is-starting"
            >
              false
            </div>
            <button
              data-testid="start-simulation-btn"
            >
              Start Simulation
            </button>
          </div>
        </div>
        <div
          data-testid="login-dialog"
          style="display: none;"
        >
          <button
            data-testid="login-close"
          >
            Close Login
          </button>
          <button
            data-testid="login-success"
          >
            Login Success
          </button>
        </div>
        <div
          data-testid="confirmation-dialog"
          style="display: none;"
        >
          <div
            data-testid="dialog-title"
          >
            {"normal":"Active Simulation ","italic":"Detected"}
          </div>
          <div
            data-testid="dialog-content"
          >
            You have a running simulation. End the existing session to start a new one.
          </div>
          <div
            data-testid="dialog-icon"
          />
          <button
            data-testid="dialog-primary-btn"
          >
            End session
          </button>
          <button
            data-testid="dialog-secondary-btn"
          >
            Cancel
          </button>
          <button
            data-testid="dialog-close"
          >
            Close Dialog
          </button>
        </div>
      </div>
    </div>
  </div>
</DocumentFragment>
`;

exports[`Scenario Component > Snapshot Testing > should match snapshot with scenario not found 1`] = `
<DocumentFragment>
  <div
    data-testid="browser-router"
  >
    <div
      data-testid="animate-presence"
    >
      <div
        class="h-screen w-full flex justify-center items-center bg-white"
      >
        <div
          data-testid="fallback-ui"
        >
          <div
            data-testid="fallback-image"
          >
            <div
              data-testid="page-not-found"
            >
              PageNotFound
            </div>
          </div>
          <div
            data-testid="fallback-loading"
          >
            false
          </div>
          <div
            data-testid="fallback-message"
          >
            Scenario not found
          </div>
          <div
            data-testid="fallback-description"
          >
            The scenario you are looking for does not exist.
          </div>
          <button
            data-testid="fallback-button"
          >
            Go back
          </button>
        </div>
        <div
          data-testid="login-dialog"
          style="display: none;"
        >
          <button
            data-testid="login-close"
          >
            Close Login
          </button>
          <button
            data-testid="login-success"
          >
            Login Success
          </button>
        </div>
        <div
          data-testid="confirmation-dialog"
          style="display: none;"
        >
          <div
            data-testid="dialog-title"
          >
            {"normal":"Active Simulation ","italic":"Detected"}
          </div>
          <div
            data-testid="dialog-content"
          >
            You have a running simulation. End the existing session to start a new one.
          </div>
          <div
            data-testid="dialog-icon"
          />
          <button
            data-testid="dialog-primary-btn"
          >
            End session
          </button>
          <button
            data-testid="dialog-secondary-btn"
          >
            Cancel
          </button>
          <button
            data-testid="dialog-close"
          >
            Close Dialog
          </button>
        </div>
      </div>
    </div>
  </div>
</DocumentFragment>
`;
