// Vitest Snapshot v1, https://vitest.dev/guide/snapshot.html

exports[`Scenario Component > Snapshot Testing > should match snapshot with scenario loaded 1`] = `
<DocumentFragment>
  <div
    data-testid="browser-router"
  >
    <div
      data-testid="animate-presence"
    >
      <div
        class="h-dvh w-full flex flex-col bg-white"
        data-testid="scenario-page"
      >
        <div
          class="flex items-center gap-2 font-secondary text-3xl text-typography-900 px-6 pt-6 shrink-0"
          data-testid="scenario-title"
        >
          <button
            animate="[object Object]"
            aria-label="Close scenario details"
            class="hover:scale-105 transition-transform"
            data-testid="scenario-back-button"
            exit="[object Object]"
            initial="[object Object]"
            transition="[object Object]"
          >
            <div
              data-testid="back-circle"
            >
              BackCircle
            </div>
          </button>
          <span>
            Start
          </span>
          <span
            class="font-bold italic"
          >
             Role play
          </span>
        </div>
        <div
          class="flex flex-1 min-h-0 flex-col justify-start gap-6 w-full max-w-[600px] mx-auto px-4 overflow-y-auto py-4"
          data-animate="visible"
          data-exit="exit"
          data-initial="hidden"
          data-testid="scenario-content"
          variants="[object Object]"
        >
          <div
            data-testid="scenario-details-card"
          >
            <div
              data-testid="cover-image"
            >
              https://example.com/image.jpg
            </div>
            <div
              data-testid="scenario-title"
            >
              Test Scenario
            </div>
            <div
              data-testid="scenario-description"
            >
              This is a test scenario description
            </div>
            <div
              data-testid="is-starting"
            >
              false
            </div>
            <button
              data-testid="start-simulation-btn"
            >
              Start Simulation
            </button>
          </div>
          <div
            data-testid="login-dialog"
            style="display: none;"
          >
            <button
              data-testid="login-close"
            >
              Close Login
            </button>
            <button
              data-testid="login-success"
            >
              Login Success
            </button>
          </div>
          <div
            data-testid="confirmation-dialog"
            style="display: none;"
          >
            <div
              data-testid="dialog-title"
            >
              {"normal":"Active Simulation ","italic":"Detected"}
            </div>
            <div
              data-testid="dialog-content"
            >
              You have a running simulation. End the existing session to start a new one.
            </div>
            <div
              data-testid="dialog-icon"
            />
            <button
              data-testid="dialog-primary-btn"
            >
              End session
            </button>
            <button
              data-testid="dialog-secondary-btn"
            >
              Cancel
            </button>
            <button
              data-testid="dialog-close"
            >
              Close Dialog
            </button>
          </div>
          <div
            data-testid="max-active-users-dialog"
            style="display: none;"
          >
            <div
              data-testid="max-active-users-title"
            >
              We're at capacity right now
            </div>
            <div
              data-testid="max-active-users-description"
            >
              We're currently handling the maximum number of active users. Please wait a moment and try again access usually frees up shortly.
            </div>
            <button
              data-testid="max-active-users-retry"
            >
              Retry
            </button>
            <button
              data-testid="max-active-users-close"
            >
              Close
            </button>
          </div>
        </div>
      </div>
    </div>
  </div>
</DocumentFragment>
`;

exports[`Scenario Component > Snapshot Testing > should match snapshot with scenario not found 1`] = `
<DocumentFragment>
  <div
    data-testid="browser-router"
  >
    <div
      data-testid="animate-presence"
    >
      <div
        class="h-dvh w-full flex flex-col bg-white"
        data-testid="scenario-page"
      >
        <div
          class="flex flex-1 items-center justify-center"
        >
          <div
            data-testid="fallback-ui"
          >
            <div
              data-testid="fallback-image"
            >
              <div
                data-testid="page-not-found"
              >
                PageNotFound
              </div>
            </div>
            <div
              data-testid="fallback-loading"
            >
              false
            </div>
            <div
              data-testid="fallback-message"
            >
              Scenario not found
            </div>
            <div
              data-testid="fallback-description"
            >
              The scenario you are looking for does not exist.
            </div>
            <button
              data-testid="fallback-button"
            />
          </div>
        </div>
      </div>
    </div>
  </div>
</DocumentFragment>
`;
