// Vitest Snapshot v1, https://vitest.dev/guide/snapshot.html

exports[`StressBuster Component > Snapshot Testing > should match snapshot after transition to BoxBreathing 1`] = `
<div
  data-testid="browser-router"
>
  <div
    class="w-screen h-screen bg-[#17181A] flex justify-center items-center"
  >
    <div
      class="z-50 flex items-center justify-center"
      data-animate="{\\"opacity\\":1}"
      data-exit="{\\"opacity\\":0}"
      data-initial="{\\"opacity\\":0}"
      data-testid="motion-div"
      data-transition="{\\"duration\\":2}"
    >
      <span
        class="text-white text-5xl font-secondary"
      >
        <span>
          You
           
        </span>
        <span>
          gave
           
        </span>
        <span>
          your
           
        </span>
        <span>
          <span
            class="bg-primary-500 capitalize px-6 py-2 rounded-full italic"
          >
            best
          </span>
           
        </span>
        <span>
          in
           
        </span>
        <span>
          that
           
        </span>
        <span>
          session
        </span>
      </span>
    </div>
    <div
      class="absolute bottom-0"
      data-testid="background-gradient-blue"
    >
      Background Gradient Blue
    </div>
  </div>
</div>
`;

exports[`StressBuster Component > Snapshot Testing > should match snapshot in initial state 1`] = `
<div
  data-testid="browser-router"
>
  <div
    class="w-screen h-screen bg-[#17181A] flex justify-center items-center"
  >
    <div
      class="z-50 flex items-center justify-center"
      data-animate="{\\"opacity\\":1}"
      data-exit="{\\"opacity\\":0}"
      data-initial="{\\"opacity\\":0}"
      data-testid="motion-div"
      data-transition="{\\"duration\\":2}"
    >
      <span
        class="text-white text-5xl font-secondary"
      >
        <span>
          You
           
        </span>
        <span>
          gave
           
        </span>
        <span>
          your
           
        </span>
        <span>
          <span
            class="bg-primary-500 capitalize px-6 py-2 rounded-full italic"
          >
            best
          </span>
           
        </span>
        <span>
          in
           
        </span>
        <span>
          that
           
        </span>
        <span>
          session
        </span>
      </span>
    </div>
    <div
      class="absolute bottom-0"
      data-testid="background-gradient-blue"
    >
      Background Gradient Blue
    </div>
  </div>
</div>
`;
