// Vitest Snapshot v1, https://vitest.dev/guide/snapshot.html

exports[`Calls Component > Snapshot Testing > should match snapshot 1`] = `
<DocumentFragment>
  <div
    class="px-6 pb-6 h-full flex flex-col"
  >
    <div
      animate="[object Object]"
      class="relative mt-[10px] font-primary"
      initial="[object Object]"
      layout="position"
      transition="[object Object]"
    >
      <div
        class="sm:p-4 p-0 rounded-lg flex gap-4 sm:justify-between justify-start bg-transparent items-center"
      >
        <div
          class="z-10 text-[#0D0D0D] text-[24px] font-[500] flex items-center gap-2"
        >
          Session Logs
          <div
            class="w-6 h-6 cursor-pointer border-l-[0.5px] border-[#D2D2D2] pl-2"
            data-testid="refresh-icon"
          >
            Refresh
          </div>
        </div>
        <div
          class="flex gap-2 items-center"
        >
          <button
            data-testid="mock-button"
            variant="secondary"
          >
            <div
              data-testid="upload-icon"
            >
              Upload
            </div>
            Upload audio
          </button>
          <button
            data-testid="mock-button"
          >
            <div
              data-testid="start-session-icon"
            >
              StartSession
            </div>
            Start Session
          </button>
        </div>
      </div>
    </div>
    <div
      data-refresh-key="0"
      data-testid="user-logs-table"
    >
      User Logs Table
    </div>
    <div
      data-is-open="false"
      data-testid="start-session-dialog"
    >
      <button
        data-testid="close-dialog"
      >
        Close Dialog
      </button>
    </div>
    <div
      data-is-open="false"
      data-testid="audio-upload-dialog"
    >
      <button
        data-testid="close-audio-dialog"
      >
        Close Audio Dialog
      </button>
    </div>
  </div>
</DocumentFragment>
`;

exports[`Calls Component > Snapshot Testing > should match snapshot with admin role 1`] = `
<DocumentFragment>
  <div
    class="px-6 pb-6 h-full flex flex-col"
  >
    <div
      animate="[object Object]"
      class="relative mt-[10px] font-primary"
      initial="[object Object]"
      layout="position"
      transition="[object Object]"
    >
      <div
        class="sm:p-4 p-0 rounded-lg flex gap-4 sm:justify-between justify-start bg-transparent items-center"
      >
        <div
          class="z-10 text-[#0D0D0D] text-[24px] font-[500] flex items-center gap-2"
        >
          Session Logs
          <div
            class="w-6 h-6 cursor-pointer border-l-[0.5px] border-[#D2D2D2] pl-2"
            data-testid="refresh-icon"
          >
            Refresh
          </div>
        </div>
        <div
          class="flex gap-2 items-center"
        >
          <button
            data-testid="mock-button"
            variant="secondary"
          >
            <div
              data-testid="upload-icon"
            >
              Upload
            </div>
            Upload audio
          </button>
          <button
            data-testid="mock-button"
          >
            <div
              data-testid="start-session-icon"
            >
              StartSession
            </div>
            Start Session
          </button>
        </div>
      </div>
    </div>
    <div
      data-refresh-key="0"
      data-testid="user-logs-table"
    >
      User Logs Table
    </div>
    <div
      data-is-open="false"
      data-testid="start-session-dialog"
    >
      <button
        data-testid="close-dialog"
      >
        Close Dialog
      </button>
    </div>
    <div
      data-is-open="false"
      data-testid="audio-upload-dialog"
    >
      <button
        data-testid="close-audio-dialog"
      >
        Close Audio Dialog
      </button>
    </div>
  </div>
</DocumentFragment>
`;
