// Vitest Snapshot v1, https://vitest.dev/guide/snapshot.html

exports[`Simulation Component > Snapshot Testing > should match snapshot 1`] = `
<div
  data-testid="browser-router"
>
  <div
    data-testid="room-context-provider"
  >
    <div
      class="min-h-screen p-6 flex flex-col gap-6 justify-between items-center bg-[#171A1A]"
    >
      <div
        class="max-h-[calc(100vh-170px)] w-full flex flex-1 gap-2"
        data-layout="true"
        data-testid="motion-div"
      >
        <div
          data-testid="simulation-interface"
        >
          <div
            data-testid="room-status"
          >
            connected
          </div>
        </div>
        <div
          data-testid="simulation-events"
        >
          <div
            data-testid="events-count"
          >
            2
          </div>
        </div>
      </div>
      <div
        data-testid="simulation-score-meter"
      >
        <div
          data-testid="score"
        >
          85
        </div>
      </div>
      <div
        class="w-full flex justify-between items-center"
      >
        <div
          data-testid="simulation-timer"
        >
          <button
            data-testid="trigger-warning-btn"
          >
            Trigger Warning
          </button>
        </div>
        <div
          data-testid="simulation-controls"
        >
          <button
            data-testid="mute-btn"
          >
            Mute
          </button>
          <button
            data-testid="end-session-btn"
          >
            End Session
          </button>
          <div
            data-testid="is-muted"
          >
            false
          </div>
        </div>
        <div
          class="flex items-center gap-2"
        >
          <div
            data-testid="warning-icon"
          >
            Warning Icon
          </div>
          <span
            class="text-[12px] text-[#fff] font-['Roboto']"
          >
            Your data is safe
          </span>
        </div>
      </div>
      <div
        data-testid="confirmation-dialog"
        style="display: none;"
      >
        Confirmation Dialog
        <div
          data-testid="warning-illustration"
        >
          Warning
        </div>
        <span>
          Session
        </span>
        <span>
          Ending Soon
        </span>
        <span>
          Your session will end in 30 seconds.
        </span>
        <button>
          Continue Session
        </button>
        <button>
          End Session
        </button>
        <button>
          Close
        </button>
      </div>
    </div>
  </div>
</div>
`;

exports[`Simulation Component > Snapshot Testing > should match snapshot with different room status 1`] = `
<div
  data-testid="browser-router"
>
  <div
    data-testid="room-context-provider"
  >
    <div
      class="min-h-screen p-6 flex flex-col gap-6 justify-between items-center bg-[#171A1A]"
    >
      <div
        class="max-h-[calc(100vh-170px)] w-full flex flex-1 gap-2"
        data-layout="true"
        data-testid="motion-div"
      >
        <div
          data-testid="simulation-interface"
        >
          <div
            data-testid="room-status"
          >
            connected
          </div>
        </div>
        <div
          data-testid="simulation-events"
        >
          <div
            data-testid="events-count"
          >
            2
          </div>
        </div>
      </div>
      <div
        data-testid="simulation-score-meter"
      >
        <div
          data-testid="score"
        >
          85
        </div>
      </div>
      <div
        class="w-full flex justify-between items-center"
      >
        <div
          data-testid="simulation-timer"
        >
          <button
            data-testid="trigger-warning-btn"
          >
            Trigger Warning
          </button>
        </div>
        <div
          data-testid="simulation-controls"
        >
          <button
            data-testid="mute-btn"
          >
            Mute
          </button>
          <button
            data-testid="end-session-btn"
          >
            End Session
          </button>
          <div
            data-testid="is-muted"
          >
            false
          </div>
        </div>
        <div
          class="flex items-center gap-2"
        >
          <div
            data-testid="warning-icon"
          >
            Warning Icon
          </div>
          <span
            class="text-[12px] text-[#fff] font-['Roboto']"
          >
            Your data is safe
          </span>
        </div>
      </div>
      <div
        data-testid="confirmation-dialog"
        style="display: none;"
      >
        Confirmation Dialog
        <div
          data-testid="warning-illustration"
        >
          Warning
        </div>
        <span>
          Session
        </span>
        <span>
          Ending Soon
        </span>
        <span>
          Your session will end in 30 seconds.
        </span>
        <button>
          Continue Session
        </button>
        <button>
          End Session
        </button>
        <button>
          Close
        </button>
      </div>
    </div>
  </div>
</div>
`;
