// Vitest Snapshot v1, https://vitest.dev/guide/snapshot.html

exports[`Input > should match snapshot when rendered with a placeholder 1`] = `
<DocumentFragment>
  <input
    class="flex h-10 w-[80px] rounded-none border-0 border-b border-border-dark bg-secondary-50 px-3 py-2 text-base file:border-0 file:bg-transparent file:text-sm file:font-medium placeholder:text-typography-600 focus:outline-none focus-visible:border-b-2 focus-visible:border-primary-500 disabled:cursor-not-allowed disabled:opacity-50 md:text-base  "
    placeholder="Test input"
  />
</DocumentFragment>
`;
