// Vitest Snapshot v1, https://vitest.dev/guide/snapshot.html

exports[`ButtonGroup > should match snapshot with default visible buttons 1`] = `
<DocumentFragment>
  <div
    class="flex w-fit rounded-[8px] bg-[#282B31] overflow-hidden"
  >
    <button
      class="sm:w-[120px] md:w-[140px] lg:w-[196px] h-12 flex items-center justify-center px-15 py-3 rounded-none leading-[16px] text-wrap !bg-[#FDFDFD]
              !border-solid border-r-[0.5px] border-[#5A5F6A]"
      data-testid="mock-button"
      variant="text"
    >
      <div
        data-testid="icon-1"
      >
        Icon1
      </div>
      <span
        class="text-xs text-[#1E2025]"
      >
        Active Item
      </span>
    </button>
    <button
      class="sm:w-[120px] md:w-[140px] lg:w-[196px] h-12 flex items-center justify-center px-15 py-3 rounded-none leading-[16px] text-wrap 
              !border-solid border-r-[0.5px] border-[#5A5F6A]"
      data-testid="mock-button"
      variant="text"
    >
      <div
        data-testid="icon-2"
      >
        Icon2
      </div>
      <span
        class="text-xs text-[#fff]"
      >
        Inactive Item
      </span>
    </button>
    <button
      class="sm:w-[120px] md:w-[140px] lg:w-[196px] h-12 flex items-center justify-center px-15 py-3 rounded-none leading-[16px] text-wrap 
              !border-solid border-r-[0.5px] border-[#5A5F6A]"
      data-testid="mock-button"
      disabled=""
      variant="text"
    >
      <div
        data-testid="icon-4"
      >
        Icon4
      </div>
      <span
        class="text-xs text-[#fff]"
      >
        Last Disabled Item
      </span>
    </button>
  </div>
</DocumentFragment>
`;
